// Jest Snapshot v1, https://goo.gl/fbAQLP

exports[`renders correctly 1`] = `
<div
  className="homeDiv"
>
  <h2>
    Welcome to our page
  </h2>
  <p>
    Lorem ipsum dolor sit amet consectetur adipisicing elit. Officia nesciunt adipisci dicta voluptatem eaque consequuntur dolore quos explicabo tempore ad quaerat sint nisi, cum eius beatae aperiam. Accusantium, numquam ipsum?
  </p>
  <p>
    Lorem ipsum dolor sit amet consectetur adipisicing elit. Officia nesciunt adipisci dicta voluptatem eaque consequuntur dolore quos explicabo tempore ad quaerat sint nisi, cum eius beatae aperiam. Accusantium, numquam ipsum?
  </p>
</div>
`;
